13:29:44 **** Incremental Build of configuration Debug for project tpg_vpss_bsp_xv_procss_example_1 ****
make pre-build main-build 
a9-linaro-pre-build-step
 
Building file: ../src/xv_procss_example.c
Invoking: ARM v7 gcc compiler
arm-none-eabi-gcc -Wall -O0 -g3 -c -fmessage-length=0 -MT"src/xv_procss_example.o" -mcpu=cortex-a9 -mfpu=vfpv3 -mfloat-abi=hard -I../../tpg_vpss_bsp/ps7_cortexa9_0/include -MMD -MP -MF"src/xv_procss_example.d" -MT"src/xv_procss_example.o" -o "src/xv_procss_example.o" "../src/xv_procss_example.c"
Finished building: ../src/xv_procss_example.c
 
Building target: tpg_vpss_bsp_xv_procss_example_1.elf
Invoking: ARM v7 gcc linker
arm-none-eabi-gcc -mcpu=cortex-a9 -mfpu=vfpv3 -mfloat-abi=hard -Wl,-build-id=none -specs=Xilinx.spec -Wl,-T -Wl,../src/lscript.ld -L../../tpg_vpss_bsp/ps7_cortexa9_0/lib -o "tpg_vpss_bsp_xv_procss_example_1.elf"  ./src/PS_i2c.o ./src/clk_wiz.o ./src/periph.o ./src/system.o ./src/vdma_api.o ./src/xv_procss_example.o   -Wl,--start-group,-lxil,-lgcc,-lc,--end-group
Finished building target: tpg_vpss_bsp_xv_procss_example_1.elf
 
Invoking: ARM v7 Print Size
arm-none-eabi-size tpg_vpss_bsp_xv_procss_example_1.elf  |tee "tpg_vpss_bsp_xv_procss_example_1.elf.size"
   text	   data	    bss	    dec	    hex	filename
 237416	   3576	  64976	 305968	  4ab30	tpg_vpss_bsp_xv_procss_example_1.elf
Finished building: tpg_vpss_bsp_xv_procss_example_1.elf.size
 
13:29:48 **** Incremental Build of configuration Debug for project tpg_vpss_bsp_xv_procss_example_1 ****
make pre-build main-build 
a9-linaro-pre-build-step
 
make: Nothing to be done for 'main-build'.
