15:32:51 **** Incremental Build of configuration Debug for project vpss_csc_example ****
make pre-build main-build 
a9-linaro-pre-build-step
 
Building file: ../src/vpss_csc_example.c
Invoking: ARM v7 gcc compiler
arm-none-eabi-gcc -Wall -O0 -g3 -c -fmessage-length=0 -MT"src/vpss_csc_example.o" -mcpu=cortex-a9 -mfpu=vfpv3 -mfloat-abi=hard -I../../tpg_vpss_bsp/ps7_cortexa9_0/include -MMD -MP -MF"src/vpss_csc_example.d" -MT"src/vpss_csc_example.o" -o "src/vpss_csc_example.o" "../src/vpss_csc_example.c"
In file included from ../src/vpss_csc_example.c:20:0:
../src/video_resolution.h:3:1: warning: multi-line comment [-Wcomment]
 //     /     \
 ^
In file included from ../src/video_resolution.h:51:0,
                 from ../src/vpss_csc_example.c:20:
../../tpg_vpss_bsp/ps7_cortexa9_0/include/xbasic_types.h:111:2: warning: #warning The xbasics_type.h file is deprecated and users should use xil_types.h and xil_assert. [-Wcpp]
 #warning  The xbasics_type.h file is deprecated and users should use xil_types.h and xil_assert.
  ^~~~~~~
../../tpg_vpss_bsp/ps7_cortexa9_0/include/xbasic_types.h:112:2: warning: #warning Please refer the Standalone BSP UG647 for further details [-Wcpp]
 #warning  Please refer the Standalone BSP UG647 for further details
  ^~~~~~~
Finished building: ../src/vpss_csc_example.c
 
Building target: vpss_csc_example.elf
Invoking: ARM v7 gcc linker
arm-none-eabi-gcc -mcpu=cortex-a9 -mfpu=vfpv3 -mfloat-abi=hard -Wl,-build-id=none -specs=Xilinx.spec -Wl,-T -Wl,../src/lscript.ld -L../../tpg_vpss_bsp/ps7_cortexa9_0/lib -o "vpss_csc_example.elf"  ./src/app_hdmi.o ./src/clk_wiz.o ./src/iic_utils.o ./src/platform.o ./src/vdma_api.o ./src/video_resolution.o ./src/vpss_csc_example.o ./src/vtiming_gen.o   -Wl,--start-group,-lxil,-lgcc,-lc,--end-group
Finished building target: vpss_csc_example.elf
 
Invoking: ARM v7 Print Size
arm-none-eabi-size vpss_csc_example.elf  |tee "vpss_csc_example.elf.size"
   text	   data	    bss	    dec	    hex	filename
 184556	   2016	  63888	 250460	  3d25c	vpss_csc_example.elf
Finished building: vpss_csc_example.elf.size
 
15:32:53 **** Incremental Build of configuration Debug for project vpss_csc_example ****
make pre-build main-build 
a9-linaro-pre-build-step
 
make: Nothing to be done for 'main-build'.
