14:12:23 **** Build of configuration Debug for project tpg_vpss_bsp_xv_procss_example_1 ****
make pre-build main-build 
a9-linaro-pre-build-step
 
Building file: ../src/PS_i2c.c
Invoking: ARM v7 gcc compiler
arm-none-eabi-gcc -Wall -O0 -g3 -c -fmessage-length=0 -MT"src/PS_i2c.o" -mcpu=cortex-a9 -mfpu=vfpv3 -mfloat-abi=hard -I../../tpg_vpss_bsp/ps7_cortexa9_0/include -MMD -MP -MF"src/PS_i2c.d" -MT"src/PS_i2c.o" -o "src/PS_i2c.o" "../src/PS_i2c.c"
../src/PS_i2c.c: In function 'i2c_wrtie_bytes':
../src/PS_i2c.c:50:2: warning: implicit declaration of function 'usleep' [-Wimplicit-function-declaration]
  usleep(2500);
  ^~~~~~
Finished building: ../src/PS_i2c.c
 
Building file: ../src/clk_wiz.c
Invoking: ARM v7 gcc compiler
arm-none-eabi-gcc -Wall -O0 -g3 -c -fmessage-length=0 -MT"src/clk_wiz.o" -mcpu=cortex-a9 -mfpu=vfpv3 -mfloat-abi=hard -I../../tpg_vpss_bsp/ps7_cortexa9_0/include -MMD -MP -MF"src/clk_wiz.d" -MT"src/clk_wiz.o" -o "src/clk_wiz.o" "../src/clk_wiz.c"
Finished building: ../src/clk_wiz.c
 
Building file: ../src/periph.c
Invoking: ARM v7 gcc compiler
arm-none-eabi-gcc -Wall -O0 -g3 -c -fmessage-length=0 -MT"src/periph.o" -mcpu=cortex-a9 -mfpu=vfpv3 -mfloat-abi=hard -I../../tpg_vpss_bsp/ps7_cortexa9_0/include -MMD -MP -MF"src/periph.d" -MT"src/periph.o" -o "src/periph.o" "../src/periph.c"
Finished building: ../src/periph.c
 
Building file: ../src/system.c
Invoking: ARM v7 gcc compiler
arm-none-eabi-gcc -Wall -O0 -g3 -c -fmessage-length=0 -MT"src/system.o" -mcpu=cortex-a9 -mfpu=vfpv3 -mfloat-abi=hard -I../../tpg_vpss_bsp/ps7_cortexa9_0/include -MMD -MP -MF"src/system.d" -MT"src/system.o" -o "src/system.o" "../src/system.c"
Finished building: ../src/system.c
 
Building file: ../src/vdma_api.c
Invoking: ARM v7 gcc compiler
arm-none-eabi-gcc -Wall -O0 -g3 -c -fmessage-length=0 -MT"src/vdma_api.o" -mcpu=cortex-a9 -mfpu=vfpv3 -mfloat-abi=hard -I../../tpg_vpss_bsp/ps7_cortexa9_0/include -MMD -MP -MF"src/vdma_api.d" -MT"src/vdma_api.o" -o "src/vdma_api.o" "../src/vdma_api.c"
Finished building: ../src/vdma_api.c
 
Building file: ../src/xv_procss_example.c
Invoking: ARM v7 gcc compiler
arm-none-eabi-gcc -Wall -O0 -g3 -c -fmessage-length=0 -MT"src/xv_procss_example.o" -mcpu=cortex-a9 -mfpu=vfpv3 -mfloat-abi=hard -I../../tpg_vpss_bsp/ps7_cortexa9_0/include -MMD -MP -MF"src/xv_procss_example.d" -MT"src/xv_procss_example.o" -o "src/xv_procss_example.o" "../src/xv_procss_example.c"
Finished building: ../src/xv_procss_example.c
 
Building target: tpg_vpss_bsp_xv_procss_example_1.elf
Invoking: ARM v7 gcc linker
arm-none-eabi-gcc -mcpu=cortex-a9 -mfpu=vfpv3 -mfloat-abi=hard -Wl,-build-id=none -specs=Xilinx.spec -Wl,-T -Wl,../src/lscript.ld -L../../tpg_vpss_bsp/ps7_cortexa9_0/lib -o "tpg_vpss_bsp_xv_procss_example_1.elf"  ./src/PS_i2c.o ./src/clk_wiz.o ./src/periph.o ./src/system.o ./src/vdma_api.o ./src/xv_procss_example.o   -Wl,--start-group,-lxil,-lgcc,-lc,--end-group
Finished building target: tpg_vpss_bsp_xv_procss_example_1.elf
 
Invoking: ARM v7 Print Size
arm-none-eabi-size tpg_vpss_bsp_xv_procss_example_1.elf  |tee "tpg_vpss_bsp_xv_procss_example_1.elf.size"
   text	   data	    bss	    dec	    hex	filename
 237416	   3576	  64976	 305968	  4ab30	tpg_vpss_bsp_xv_procss_example_1.elf
Finished building: tpg_vpss_bsp_xv_procss_example_1.elf.size
 

14:12:24 Build Finished (took 566ms)

