22:32:31 **** Incremental Build of configuration Debug for project ov5640_vdma ****
make pre-build main-build 
a9-linaro-pre-build-step
 
Building file: ../src/main.c
Invoking: ARM v7 gcc compiler
arm-none-eabi-gcc -Wall -O0 -g3 -c -fmessage-length=0 -MT"src/main.o" -mcpu=cortex-a9 -mfpu=vfpv3 -mfloat-abi=hard -I../../ov5640_vdma_bsp/ps7_cortexa9_0/include -MMD -MP -MF"src/main.d" -MT"src/main.o" -o "src/main.o" "../src/main.c"
In file included from ../src/main.c:58:0:
../src/video_resolution.h:3:1: warning: multi-line comment [-Wcomment]
 //     /     \
 ^
In file included from ../src/video_resolution.h:51:0,
                 from ../src/main.c:58:
../../ov5640_vdma_bsp/ps7_cortexa9_0/include/xbasic_types.h:111:2: warning: #warning The xbasics_type.h file is deprecated and users should use xil_types.h and xil_assert. [-Wcpp]
 #warning  The xbasics_type.h file is deprecated and users should use xil_types.h and xil_assert.
  ^~~~~~~
../../ov5640_vdma_bsp/ps7_cortexa9_0/include/xbasic_types.h:112:2: warning: #warning Please refer the Standalone BSP UG647 for further details [-Wcpp]
 #warning  Please refer the Standalone BSP UG647 for further details
  ^~~~~~~
Finished building: ../src/main.c
 
Building target: ov5640_vdma.elf
Invoking: ARM v7 gcc linker
arm-none-eabi-gcc -mcpu=cortex-a9 -mfpu=vfpv3 -mfloat-abi=hard -Wl,-build-id=none -specs=Xilinx.spec -Wl,-T -Wl,../src/lscript.ld -L../../ov5640_vdma_bsp/ps7_cortexa9_0/lib -o "ov5640_vdma.elf" ./src/PS_i2c.o ./src/main.o ./src/ov5640_init.o ./src/platform.o ./src/vdma_api.o ./src/video_resolution.o ./src/vtiming_gen.o   -Wl,--start-group,-lxil,-lgcc,-lc,--end-group
Finished building target: ov5640_vdma.elf
 
Invoking: ARM v7 Print Size
arm-none-eabi-size ov5640_vdma.elf  |tee "ov5640_vdma.elf.size"
   text	   data	    bss	    dec	    hex	filename
  71960	   1856	  25840	  99656	  18548	ov5640_vdma.elf
Finished building: ov5640_vdma.elf.size
 
