23:13:00 **** Incremental Build of configuration Debug for project vtpg_example ****
make pre-build main-build 
a9-linaro-pre-build-step
 
Building file: ../src/main.c
Invoking: ARM v7 gcc compiler
arm-none-eabi-gcc -Wall -O0 -g3 -c -fmessage-length=0 -MT"src/main.o" -mcpu=cortex-a9 -mfpu=vfpv3 -mfloat-abi=hard -I../../vtpg_example_bsp/ps7_cortexa9_0/include -MMD -MP -MF"src/main.d" -MT"src/main.o" -o "src/main.o" "../src/main.c"
../src/main.c:70:1: warning: multi-line comment [-Wcomment]
 //#define VideoClockGen_WriteReg(RegOffset, Data) \
 ^
../src/main.c:72:1: warning: multi-line comment [-Wcomment]
 //#define VideoClockGen_ReadReg(RegOffset) \
 ^
Finished building: ../src/main.c
 
Building target: vtpg_example.elf
Invoking: ARM v7 gcc linker
arm-none-eabi-gcc -mcpu=cortex-a9 -mfpu=vfpv3 -mfloat-abi=hard -Wl,-build-id=none -specs=Xilinx.spec -Wl,-T -Wl,../src/lscript.ld -L../../vtpg_example_bsp/ps7_cortexa9_0/lib -o "vtpg_example.elf" ./src/main.o   -Wl,--start-group,-lxil,-lgcc,-lc,--end-group
Finished building target: vtpg_example.elf
 
Invoking: ARM v7 Print Size
arm-none-eabi-size vtpg_example.elf  |tee "vtpg_example.elf.size"
   text	   data	    bss	    dec	    hex	filename
  59264	   1192	  22776	  83232	  14520	vtpg_example.elf
Finished building: vtpg_example.elf.size
 

23:13:01 Build Finished (took 420ms)

