10:09:50 **** Incremental Build of configuration Debug for project ov5640_vdma ****
make pre-build main-build 
a9-linaro-pre-build-step
 
Building file: ../src/ov5640_init.c
Invoking: ARM v7 gcc compiler
arm-none-eabi-gcc -Wall -O0 -g3 -c -fmessage-length=0 -MT"src/ov5640_init.o" -mcpu=cortex-a9 -mfpu=vfpv3 -mfloat-abi=hard -I../../ov5640_vdma_bsp/ps7_cortexa9_0/include -MMD -MP -MF"src/ov5640_init.d" -MT"src/ov5640_init.o" -o "src/ov5640_init.o" "../src/ov5640_init.c"
Finished building: ../src/ov5640_init.c
 
Building target: ov5640_vdma.elf
Invoking: ARM v7 gcc linker
arm-none-eabi-gcc -mcpu=cortex-a9 -mfpu=vfpv3 -mfloat-abi=hard -Wl,-build-id=none -specs=Xilinx.spec -Wl,-T -Wl,../src/lscript.ld -L../../ov5640_vdma_bsp/ps7_cortexa9_0/lib -o "ov5640_vdma.elf" ./src/PS_i2c.o ./src/demosaic.o ./src/main.o ./src/ov5640_init.o ./src/platform.o ./src/vdma_api.o ./src/video_resolution.o ./src/vtiming_gen.o   -Wl,--start-group,-lxil,-lgcc,-lc,--end-group
Finished building target: ov5640_vdma.elf
 
Invoking: ARM v7 Print Size
arm-none-eabi-size ov5640_vdma.elf  |tee "ov5640_vdma.elf.size"
   text	   data	    bss	    dec	    hex	filename
  73476	   1896	  25840	 101212	  18b5c	ov5640_vdma.elf
Finished building: ov5640_vdma.elf.size
 
